{
    "type": "Variable",
    "identifier": "_var_"
}