{
    "type": "Function",
    "name": "f",
    "params": [
    ],
    "body": [{
        "type": "Return",
        "value": {
            "type": "Variable",
            "identifier": "0"
        }
    }
    ]
  }