{
  "type": "Function",
  "name": "f",
  "params": [],
  "body": [
    {
      "type": "Return",
      "value": {
        "type": "LiteralInt",
        "value": 42
      }
    }
  ]
}