{
  "type": "Function",
  "name": "f",
  "params": [
  ],
  "body": [
    {
      "type": "Return",
      "values": [
        {
          "type": "Variable",
          "identifier": "_var_"
        }
      ]
    }
  ]
}