{
  "type": "Function",
  "name": "f",
  "params": [],
  "body": [
    {
      "type": "Return",
      "values": [
        {
          "type": "LiteralInt",
          "value": 42
        }
      ]
    }
  ]
}